// Jest Snapshot v1, https://goo.gl/fbAQLP

exports[`<LoadingOverlay /> should match the snapshot 1`] = `
.c0 {
  position: fixed;
  display: -webkit-box;
  display: -webkit-flex;
  display: -ms-flexbox;
  display: flex;
  -webkit-box-pack: center;
  -webkit-justify-content: center;
  -ms-flex-pack: center;
  justify-content: center;
  -webkit-align-items: center;
  -webkit-box-align: center;
  -ms-flex-align: center;
  align-items: center;
  width: 100%;
  height: 100%;
  top: 0;
  left: 0;
  right: 0;
  bottom: 0;
  background-color: rgba(0,0,0,0.5);
  z-index: 1000;
}

<div
  class="c0"
>
  <div
    class="css-jv9gnm"
  >
    <div
      class="css-1c8n639"
    />
    <div
      class="css-grcojm"
    />
    <div
      class="css-11zj0bp"
    />
    <div
      class="css-13z2ea4"
    />
    <div
      class="css-1yvrs17"
    />
  </div>
</div>
`;
