// Jest Snapshot v1, https://goo.gl/fbAQLP

exports[`<Footer /> should render and match the snapshot 1`] = `
<footer
  className="sc-bdVaJa cXTKPk"
>
  <section>
    <span>
      Movie rating system
    </span>
  </section>
</footer>
`;
